models/Activity.ts(54,14): error TS18046: 'ret._id' is of type 'unknown'.
models/Activity.ts(55,12): error TS2790: The operand of a 'delete' operator must be optional.
models/Farm.ts(94,14): error TS18046: 'ret._id' is of type 'unknown'.
models/Farm.ts(95,12): error TS2790: The operand of a 'delete' operator must be optional.
models/Farmer.ts(62,14): error TS18046: 'ret._id' is of type 'unknown'.
models/Farmer.ts(63,12): error TS2790: The operand of a 'delete' operator must be optional.
models/Reminder.ts(65,14): error TS18046: 'ret._id' is of type 'unknown'.
models/Reminder.ts(66,12): error TS2790: The operand of a 'delete' operator must be optional.
